// Jest Snapshot v1, https://goo.gl/fbAQLP

exports[`<FormSignUp /> should render the form 1`] = `
.c4 {
  display: inline-block;
  vertical-align: middle;
  overflow: hidden;
}

.c2 {
  display: -webkit-box;
  display: -webkit-flex;
  display: -ms-flexbox;
  display: flex;
  -webkit-align-items: center;
  -webkit-box-align: center;
  -ms-flex-align: center;
  align-items: center;
  background: #EAEAEA;
  border-radius: 0.2rem;
  padding: 0 1.6rem;
  border: 0.2rem solid;
  border-color: #EAEAEA;
}

.c2:focus-within {
  box-shadow: 0 0 0.5rem #CD113B;
}

.c2 button {
  width: 3.5rem;
  border: 0;
  cursor: pointer;
  color: #FF6347;
}

.c5 {
  color: #030517;
  font-family: Poppins,-apple-system,BlinkMacSystemFont,'Segoe UI',Roboto,Oxygen,Ubuntu,Cantarell,'Open Sans','Helvetica Neue',sans-serif;
  font-size: 1.6rem;
  padding: 0.8rem 0;
  padding-left: 1.6rem;
  background: transparent;
  border: 0;
  outline: none;
  width: 100%;
}

.c5:-webkit-autofill {
  -webkit-box-shadow: 0 0 0 2.4rem #EAEAEA inset;
  -webkit-filter: none;
  filter: none;
}

.c5:-webkit-autofill::first-line {
  font-family: Poppins,-apple-system,BlinkMacSystemFont,'Segoe UI',Roboto,Oxygen,Ubuntu,Cantarell,'Open Sans','Helvetica Neue',sans-serif;
  font-size: 1.6rem;
}

.c3 {
  display: -webkit-box;
  display: -webkit-flex;
  display: -ms-flexbox;
  display: flex;
  color: #8F8F8F;
  -webkit-order: 0;
  -ms-flex-order: 0;
  order: 0;
}

.c3 > svg {
  width: 2.2rem;
  height: 100%;
}

.c7 {
  display: -webkit-inline-box;
  display: -webkit-inline-flex;
  display: -ms-inline-flexbox;
  display: inline-flex;
  -webkit-align-items: center;
  -webkit-box-align: center;
  -ms-flex-align: center;
  align-items: center;
  -webkit-box-pack: center;
  -webkit-justify-content: center;
  -ms-flex-pack: center;
  justify-content: center;
  background: linear-gradient(180deg,#9d0208 0%,#d00000 50%);
  color: #FAFAFA;
  font-family: Poppins,-apple-system,BlinkMacSystemFont,'Segoe UI',Roboto,Oxygen,Ubuntu,Cantarell,'Open Sans','Helvetica Neue',sans-serif;
  border: 0;
  cursor: pointer;
  border-radius: 0.4rem;
  padding: 0.8rem;
  -webkit-text-decoration: none;
  text-decoration: none;
  height: 5rem;
  font-size: 1.6rem;
  padding: 0.8rem 4.8rem;
  width: 100%;
}

.c7:focus {
  box-shadow: 0 0 0 3px #FF6347;
}

.c7:hover {
  background: linear-gradient(180deg,#8c0207 0%,#bf0000 50%);
}

.c0 .c1 {
  margin: 0.8rem 0;
}

.c0 .c6 {
  margin: 3.2rem auto 1.6rem;
}

.c8 {
  font-size: 1.4rem;
  color: #030517;
  text-align: center;
}

.c8 a {
  color: #FF6347;
  -webkit-text-decoration: none;
  text-decoration: none;
  border-bottom: 0.1rem solid #FF6347;
  -webkit-transition: color,border,0.1s ease-in-out;
  transition: color,border,0.1s ease-in-out;
}

.c8 a:hover {
  color: #ff3814;
  border-bottom: 0.1rem solid #ff3814;
}

<div
  class="c0"
>
  <form>
    <div
      class="c1 "
    >
      <div
        class="c2"
      >
        <div
          class="c3"
        >
          <svg
            aria-hidden="true"
            class="c4"
            fill="currentColor"
            focusable="false"
            viewBox="0 0 24 24"
            xmlns="http://www.w3.org/2000/svg"
          >
            <path
              d="M0 0h24v24H0V0z"
              fill="none"
            />
            <path
              d="M12 2C6.48 2 2 6.48 2 12s4.48 10 10 10 10-4.48 10-10S17.52 2 12 2zM7.07 18.28c.43-.9 3.05-1.78 4.93-1.78s4.51.88 4.93 1.78C15.57 19.36 13.86 20 12 20s-3.57-.64-4.93-1.72zm11.29-1.45c-1.43-1.74-4.9-2.33-6.36-2.33s-4.93.59-6.36 2.33A7.95 7.95 0 014 12c0-4.41 3.59-8 8-8s8 3.59 8 8c0 1.82-.62 3.49-1.64 4.83zM12 6c-1.94 0-3.5 1.56-3.5 3.5S10.06 13 12 13s3.5-1.56 3.5-3.5S13.94 6 12 6zm0 5c-.83 0-1.5-.67-1.5-1.5S11.17 8 12 8s1.5.67 1.5 1.5S12.83 11 12 11z"
            />
          </svg>
        </div>
        <input
          class="c5"
          name="username"
          placeholder="Username"
          type="text"
          value=""
        />
      </div>
    </div>
    <div
      class="c1 "
    >
      <div
        class="c2"
      >
        <div
          class="c3"
        >
          <svg
            aria-hidden="true"
            class="c4"
            fill="currentColor"
            focusable="false"
            viewBox="0 0 24 24"
            xmlns="http://www.w3.org/2000/svg"
          >
            <path
              d="M0 0h24v24H0V0z"
              fill="none"
            />
            <path
              d="M22 6c0-1.1-.9-2-2-2H4c-1.1 0-2 .9-2 2v12c0 1.1.9 2 2 2h16c1.1 0 2-.9 2-2V6zm-2 0l-8 5-8-5h16zm0 12H4V8l8 5 8-5v10z"
            />
          </svg>
        </div>
        <input
          class="c5"
          name="email"
          placeholder="Email"
          type="text"
          value=""
        />
      </div>
    </div>
    <div
      class="c1 "
    >
      <div
        class="c2"
      >
        <div
          class="c3"
        >
          <svg
            aria-hidden="true"
            class="c4"
            fill="currentColor"
            focusable="false"
            viewBox="0 0 24 24"
            xmlns="http://www.w3.org/2000/svg"
          >
            <g
              fill="none"
            >
              <path
                d="M0 0h24v24H0V0z"
              />
              <path
                d="M0 0h24v24H0V0z"
                opacity="0.87"
              />
            </g>
            <path
              d="M18 8h-1V6c0-2.76-2.24-5-5-5S7 3.24 7 6v2H6c-1.1 0-2 .9-2 2v10c0 1.1.9 2 2 2h12c1.1 0 2-.9 2-2V10c0-1.1-.9-2-2-2zM9 6c0-1.66 1.34-3 3-3s3 1.34 3 3v2H9V6zm9 14H6V10h12v10zm-6-3c1.1 0 2-.9 2-2s-.9-2-2-2-2 .9-2 2 .9 2 2 2z"
            />
          </svg>
        </div>
        <input
          class="c5"
          name="password"
          placeholder="Password"
          type="password"
          value=""
        />
        <button
          type="button"
        >
          <svg
            aria-hidden="true"
            class="c4"
            fill="currentColor"
            focusable="false"
            viewBox="0 0 24 24"
            xmlns="http://www.w3.org/2000/svg"
          >
            <g
              data-name="Layer 2"
            >
              <g
                data-name="eye-off"
              >
                <path
                  d="M4.71 3.29a1 1 0 00-1.42 1.42l5.63 5.63a3.5 3.5 0 004.74 4.74l5.63 5.63a1 1 0 001.42 0 1 1 0 000-1.42zM12 13.5a1.5 1.5 0 01-1.5-1.5v-.07l1.56 1.56z"
                />
                <path
                  d="M12.22 17c-4.3.1-7.12-3.59-8-5a13.7 13.7 0 012.24-2.72L5 7.87a15.89 15.89 0 00-2.87 3.63 1 1 0 000 1c.63 1.09 4 6.5 9.89 6.5h.25a9.48 9.48 0 003.23-.67l-1.58-1.58a7.74 7.74 0 01-1.7.25zM21.87 11.5c-.64-1.11-4.17-6.68-10.14-6.5a9.48 9.48 0 00-3.23.67l1.58 1.58a7.74 7.74 0 011.7-.25c4.29-.11 7.11 3.59 8 5a13.7 13.7 0 01-2.29 2.72L19 16.13a15.89 15.89 0 002.91-3.63 1 1 0 00-.04-1z"
                />
              </g>
            </g>
          </svg>
        </button>
      </div>
    </div>
    <div
      class="c1 "
    >
      <div
        class="c2"
      >
        <div
          class="c3"
        >
          <svg
            aria-hidden="true"
            class="c4"
            fill="currentColor"
            focusable="false"
            viewBox="0 0 24 24"
            xmlns="http://www.w3.org/2000/svg"
          >
            <g
              fill="none"
            >
              <path
                d="M0 0h24v24H0V0z"
              />
              <path
                d="M0 0h24v24H0V0z"
                opacity="0.87"
              />
            </g>
            <path
              d="M18 8h-1V6c0-2.76-2.24-5-5-5S7 3.24 7 6v2H6c-1.1 0-2 .9-2 2v10c0 1.1.9 2 2 2h12c1.1 0 2-.9 2-2V10c0-1.1-.9-2-2-2zM9 6c0-1.66 1.34-3 3-3s3 1.34 3 3v2H9V6zm9 14H6V10h12v10zm-6-3c1.1 0 2-.9 2-2s-.9-2-2-2-2 .9-2 2 .9 2 2 2z"
            />
          </svg>
        </div>
        <input
          class="c5"
          name="confirm_password"
          placeholder="Confirm password"
          type="password"
          value=""
        />
        <button
          type="button"
        >
          <svg
            aria-hidden="true"
            class="c4"
            fill="currentColor"
            focusable="false"
            viewBox="0 0 24 24"
            xmlns="http://www.w3.org/2000/svg"
          >
            <g
              data-name="Layer 2"
            >
              <g
                data-name="eye-off"
              >
                <path
                  d="M4.71 3.29a1 1 0 00-1.42 1.42l5.63 5.63a3.5 3.5 0 004.74 4.74l5.63 5.63a1 1 0 001.42 0 1 1 0 000-1.42zM12 13.5a1.5 1.5 0 01-1.5-1.5v-.07l1.56 1.56z"
                />
                <path
                  d="M12.22 17c-4.3.1-7.12-3.59-8-5a13.7 13.7 0 012.24-2.72L5 7.87a15.89 15.89 0 00-2.87 3.63 1 1 0 000 1c.63 1.09 4 6.5 9.89 6.5h.25a9.48 9.48 0 003.23-.67l-1.58-1.58a7.74 7.74 0 01-1.7.25zM21.87 11.5c-.64-1.11-4.17-6.68-10.14-6.5a9.48 9.48 0 00-3.23.67l1.58 1.58a7.74 7.74 0 011.7-.25c4.29-.11 7.11 3.59 8 5a13.7 13.7 0 01-2.29 2.72L19 16.13a15.89 15.89 0 002.91-3.63 1 1 0 00-.04-1z"
                />
              </g>
            </g>
          </svg>
        </button>
      </div>
    </div>
    <button
      class="c6 c7"
      type="submit"
    >
      <span>
        <span>
          Sign up now
        </span>
      </span>
    </button>
    <div
      class="c8"
    >
      Already have an account?
       
      <a
        href="/sign-in"
      >
        Sign in
      </a>
    </div>
  </form>
</div>
`;
