// Jest Snapshot v1, https://goo.gl/fbAQLP

exports[`<Heading /> should render the heading 1`] = `
<main
  class=""
>
  <h1>
    Heading
  </h1>
</main>
`;
